// Jest Snapshot v1, https://goo.gl/fbAQLP

exports[`renders without crashing 1`] = `
<div>
  <div
    class="App"
  >
    <header
      class="App-header"
    >
      <img
        alt="logo"
        class="App-logo"
        src="logo.svg"
      />
      <h2>
        Rendered Object
      </h2>
      <textarea
        readonly=""
        rows="20"
      >
        {
  "items": [
    {
      "name": "&lt;foo&gt;",
      "value": 1
    },
    {
      "name": "&lt;bar&gt;",
      "value": 2
    },
    {
      "name": "&lt;baz&gt;",
      "value": 3
    }
  ]
}
      </textarea>
      <p>
        Edit 
        <code>
          src/App.js
        </code>
         and save to reload.
      </p>
      <a
        class="App-link"
        href="https://reactjs.org"
        rel="noopener noreferrer"
        target="_blank"
      >
        Learn React
      </a>
    </header>
  </div>
</div>
`;
